
> pantry-iq-landing@0.1.0 build
> next build

▲ Next.js 16.1.6 (Turbopack)
- Environments: .env

⚠ The "middleware" file convention is deprecated. Please use "proxy" instead. Learn more: https://nextjs.org/docs/messages/middleware-to-proxy
  Creating an optimized production build ...
✓ Compiled successfully in 3.5s
  Running TypeScript ...
Failed to compile.

./app/api/dashboard/route.ts:11:32
Type error: Module '"drizzle-orm"' has no exported member 'limit'.

[0m [90m  9 |[39m   conversations[33m,[39m
 [90m 10 |[39m } [36mfrom[39m [32m'@/db/schema'[39m
[31m[1m>[22m[39m[90m 11 |[39m [36mimport[39m { eq[33m,[39m and[33m,[39m count[33m,[39m desc[33m,[39m limit } [36mfrom[39m [32m'drizzle-orm'[39m
 [90m    |[39m                                [31m[1m^[22m[39m
 [90m 12 |[39m
 [90m 13 |[39m [36minterface[39m [33mDashboardData[39m {
 [90m 14 |[39m   locations[33m:[39m [33mArray[39m[33m<[39m{[0m
Next.js build worker exited with code: 1 and signal: null
